* INTRODUÇÃO AO GIT E AO GITHUB
- GIT
  - OQUE É ? 


* NAVEGAÇÃO VIA COMMAND LINE INTERFACE E INSTALAÇÃO
cls limpa a tela do cmd
- MUDAR DE PASTAS cd /
voltar um nivel utilizar cd ..


- LISTAR AS PASTAS dir

- CRIAR PASTAS/ARQUIVOS
mkdir e o nome (pastas)
echo nome do dado > nome do arquivo.txt (arquivos)


- DELETAR PASTAS/ARQUIVOS
rmdir nome da pasta /S /Q
del nome da pasta

*TOPICOS FUNDAMENTAIS PARA ENTENDER O FUNCIONAMENTO DO GIT

- SHA1 - openssl sha1 nome do arquivo
a sigla significa secure hash algorithm (Algoritmo de Hash seguro), é um conjunto de funções hash criptográficas projetadas pela NSA (Agência de Segurança Nacional dos EUA)
A encriptação gera conjunto de characteres identificador de 40 dígitos.

- OBJETOS FUNDAMENTAIS
BLOBS, TREES, COMMITS

blobs- echo 'conteudo' | git hash-object --stdin
echo -e 'conteudo' | openssl sha1

tree- (Arvore) armazena as blobs

commits- 

- SISTEMA DISTRIBUÍDO
- SEGURANÇA

- CHAVE SSH e TOKENS
 comandos para gerar as chaves
ssh-keygen -t ed25519 -c amandarafaeladeoliveira@gmail.com.br


arafaela@PC8779 MINGW64 ~
$ ssh-keygen -t ed25519 -C amandarafaeladeoliveira@gmail.com
Generating public/private ed25519 key pair.
Enter file in which to save the key (/c/Users/arafaela/.ssh/id_ed25519):
Created directory '/c/Users/arafaela/.ssh'.
Enter passphrase (empty for no passphrase):
Enter same passphrase again:
Passphrases do not match.  Try again.
Enter passphrase (empty for no passphrase):
Enter same passphrase again:
Passphrases do not match.  Try again.
Enter passphrase (empty for no passphrase):
Enter same passphrase again:
Your identification has been saved in /c/Users/arafaela/.ssh/id_ed25519
Your public key has been saved in /c/Users/arafaela/.ssh/id_ed25519.pub
The key fingerprint is:
SHA256:ii46bADlgVnqRq2ynR7A1PPoH0F74W+CK+X0X19GDXI amandarafaeladeoliveira@gmail.com
The key's randomart image is:
+--[ED25519 256]--+
| +.              |
|o.=              |
|.= = . .    . E  |
|* o = o .    o ..|
|+= . + oS      ..|
|++.. ++..     .  |
|+ +.=oo. o .   o |
|.+.+..o.o . . o  |
|oo..oo  ..   .   |
+----[SHA256]-----+

arafaela@PC8779 MINGW64 ~
$ cls
bash: cls: command not found

arafaela@PC8779 MINGW64 ~
$ clear
'vt525': unknown terminal type.

arafaela@PC8779 MINGW64 ~
$ cd /c/Users/arafaela/.ssh

arafaela@PC8779 MINGW64 ~/.ssh
$ ls
id_ed25519  id_ed25519.pub

arafaela@PC8779 MINGW64 ~/.ssh
$ cat id_ed25519.pub
ssh-ed25519 AAAAC3NzaC1lZDI1NTE5AAAAIIVaVftB7FsH4wJkcz/Ogn2SmJrz8nVP6Wuje7TWDKn1 amandarafaeladeoliveira@gmail.com

arafaela@PC8779 MINGW64 ~/.ssh
$ pwd
/c/Users/arafaela/.ssh

arafaela@PC8779 MINGW64 ~/.ssh
$ eval $(ssh-agent -s)
Agent pid 1385

arafaela@PC8779 MINGW64 ~/.ssh
$ ls
id_ed25519  id_ed25519.pub

arafaela@PC8779 MINGW64 ~/.ssh
$ ssh-add id_ed25519
Enter passphrase for id_ed25519:
Identity added: id_ed25519 (amandarafaeladeoliveira@gmail.com)

 